[Sun Jun 14 09:10:44 PM IST 2026] Pushed: Auto-update: Modified auto_push.sh
[Sun Jun 14 09:11:46 PM IST 2026] Pushed: Auto-update: Modified auto_push.log
[Sun Jun 14 09:12:44 PM IST 2026] Pushed: Refined auto_push.log,auto_push.sh
[Sun Jun 14 09:17:46 PM IST 2026] Pushed: Modified auto_push.log
[Sun Jun 14 09:22:48 PM IST 2026] Pushed: Worked on auto_push.log
[Sun Jun 14 09:27:50 PM IST 2026] Pushed: Updated auto_push.log,match3.c
[Sun Jun 14 09:32:52 PM IST 2026] Pushed: Updated auto_push.log,match3_1.c
[Sun Jun 14 09:37:53 PM IST 2026] Pushed: Modified auto_push.log
[Sun Jun 14 09:42:55 PM IST 2026] Pushed: Worked on auto_push.log
[Sun Jun 14 09:47:57 PM IST 2026] Pushed: Refined auto_push.log
[Sun Jun 14 09:52:59 PM IST 2026] Pushed: Modified auto_push.log,match3_1.c
[Sun Jun 14 09:58:01 PM IST 2026] Pushed: Adjusted auto_push.log
[Sun Jun 14 10:03:02 PM IST 2026] Pushed: Updated auto_push.log,match3_1.c
[Sun Jun 14 10:08:04 PM IST 2026] Pushed: Tweaked auto_push.log,match3_1.c
[Sun Jun 14 10:13:06 PM IST 2026] Pushed: Refined auto_push.log,match3_1.c
[Sun Jun 14 10:18:07 PM IST 2026] Pushed: Adjusted auto_push.log,match3_1.c
[Sun Jun 14 10:23:12 PM IST 2026] Pushed: Modified assets/match.mp3,assets/music.mp3 auto_push.log,match3_1.c tempCodeRunnerFile.c
[Sun Jun 14 10:28:14 PM IST 2026] Pushed: Refined README.md,auto_push.log tempCodeRunnerFile.c
[Sun Jun 14 10:33:16 PM IST 2026] Pushed: Updated auto_push.log
[Sun Jun 14 10:38:17 PM IST 2026] Pushed: Modified auto_push.log,match3_1.c
[Sun Jun 14 10:43:19 PM IST 2026] Pushed: Worked on auto_push.log,match3_1.c
[Sun Jun 14 10:48:21 PM IST 2026] Pushed: Refined auto_push.log
